2024-12-21 19:17:44,672 - __main__ - INFO - Tentando conectar ao MongoDB...
2024-12-21 19:17:44,693 - pymongo.topology - DEBUG - {"topologyId": {"$oid": "67673e88a872a5dc877bc3ec"}, "message": "Starting topology monitoring"}
2024-12-21 19:17:44,694 - pymongo.topology - DEBUG - {"topologyId": {"$oid": "67673e88a872a5dc877bc3ec"}, "previousDescription": "<TopologyDescription id: 67673e88a872a5dc877bc3ec, topology_type: Unknown, servers: []>", "newDescription": "<TopologyDescription id: 67673e88a872a5dc877bc3ec, topology_type: Unknown, servers: [<ServerDescription ('localhost', 27017) server_type: Unknown, rtt: None>]>", "message": "Topology description changed"}
2024-12-21 19:17:44,696 - pymongo.topology - DEBUG - {"topologyId": {"$oid": "67673e88a872a5dc877bc3ec"}, "serverHost": "localhost", "serverPort": 27017, "message": "Starting server monitoring"}
2024-12-21 19:17:44,697 - pymongo.connection - DEBUG - {"clientId": {"$oid": "67673e88a872a5dc877bc3ec"}, "message": "Connection pool created", "serverHost": "localhost", "serverPort": 27017}
2024-12-21 19:17:44,701 - __main__ - INFO - Conexão com MongoDB bem-sucedida!
2024-12-21 19:17:44,701 - pymongo.topology - DEBUG - {"topologyId": {"$oid": "67673e88a872a5dc877bc3ec"}, "driverConnectionId": 1, "serverHost": "localhost", "serverPort": 27017, "awaited": false, "message": "Server heartbeat started"}
2024-12-21 19:17:44,704 - pymongo.serverSelection - DEBUG - {"message": "Server selection started", "selector": "Primary()", "operation": "ping", "topologyDescription": "<TopologyDescription id: 67673e88a872a5dc877bc3ec, topology_type: Unknown, servers: [<ServerDescription ('localhost', 27017) server_type: Unknown, rtt: None>]>", "clientId": {"$oid": "67673e88a872a5dc877bc3ec"}}
2024-12-21 19:17:44,709 - pymongo.topology - DEBUG - {"topologyId": {"$oid": "67673e88a872a5dc877bc3ec"}, "driverConnectionId": 1, "serverConnectionId": 16, "serverHost": "localhost", "serverPort": 27017, "awaited": false, "durationMS": 2.6572260012471816, "reply": "{\"helloOk\": true, \"ismaster\": true, \"topologyVersion\": {\"processId\": {\"$oid\": \"676736d0e01451cf69ab2537\"}}, \"maxBsonObjectSize\": 16777216, \"maxMessageSizeBytes\": 48000000, \"maxWriteBatchSize\": 100000, \"localTime\": {\"$date\": \"2024-12-21T22:17:44.707Z\"}, \"logicalSessionTimeoutMinutes\": 30, \"connectionId\": 16, \"maxWireVersion\": 17, \"ok\": 1.0}", "message": "Server heartbeat succeeded"}
2024-12-21 19:17:44,710 - pymongo.serverSelection - DEBUG - {"message": "Waiting for suitable server to become available", "selector": "Primary()", "operation": "ping", "topologyDescription": "<TopologyDescription id: 67673e88a872a5dc877bc3ec, topology_type: Unknown, servers: [<ServerDescription ('localhost', 27017) server_type: Unknown, rtt: None>]>", "clientId": {"$oid": "67673e88a872a5dc877bc3ec"}, "remainingTimeMS": 29}
2024-12-21 19:17:44,712 - pymongo.connection - DEBUG - {"clientId": {"$oid": "67673e88a872a5dc877bc3ec"}, "message": "Connection pool ready", "serverHost": "localhost", "serverPort": 27017}
2024-12-21 19:17:44,713 - pymongo.topology - DEBUG - {"topologyId": {"$oid": "67673e88a872a5dc877bc3ec"}, "previousDescription": "<TopologyDescription id: 67673e88a872a5dc877bc3ec, topology_type: Unknown, servers: [<ServerDescription ('localhost', 27017) server_type: Unknown, rtt: None>]>", "newDescription": "<TopologyDescription id: 67673e88a872a5dc877bc3ec, topology_type: Single, servers: [<ServerDescription ('localhost', 27017) server_type: Standalone, rtt: 0.0026572260012471816>]>", "message": "Topology description changed"}
2024-12-21 19:17:44,715 - pymongo.serverSelection - DEBUG - {"message": "Server selection succeeded", "selector": "Primary()", "operation": "ping", "topologyDescription": "<TopologyDescription id: 67673e88a872a5dc877bc3ec, topology_type: Single, servers: [<ServerDescription ('localhost', 27017) server_type: Standalone, rtt: 0.0026572260012471816>]>", "clientId": {"$oid": "67673e88a872a5dc877bc3ec"}, "serverHost": "localhost", "serverPort": 27017}
2024-12-21 19:17:44,716 - pymongo.topology - DEBUG - {"topologyId": {"$oid": "67673e88a872a5dc877bc3ec"}, "driverConnectionId": 1, "serverConnectionId": 16, "serverHost": "localhost", "serverPort": 27017, "awaited": true, "message": "Server heartbeat started"}
2024-12-21 19:17:44,717 - pymongo.connection - DEBUG - {"clientId": {"$oid": "67673e88a872a5dc877bc3ec"}, "message": "Connection checkout started", "serverHost": "localhost", "serverPort": 27017}
2024-12-21 19:17:44,720 - pymongo.connection - DEBUG - {"clientId": {"$oid": "67673e88a872a5dc877bc3ec"}, "message": "Connection created", "serverHost": "localhost", "serverPort": 27017, "driverConnectionId": 1}
2024-12-21 19:17:44,744 - pymongo.connection - DEBUG - {"clientId": {"$oid": "67673e88a872a5dc877bc3ec"}, "message": "Connection ready", "serverHost": "localhost", "serverPort": 27017, "driverConnectionId": 1, "durationMS": 0.023154372998760664}
2024-12-21 19:17:44,746 - pymongo.connection - DEBUG - {"clientId": {"$oid": "67673e88a872a5dc877bc3ec"}, "message": "Connection checked out", "serverHost": "localhost", "serverPort": 27017, "driverConnectionId": 1, "durationMS": 0.029245329000332276}
2024-12-21 19:17:44,747 - pymongo.command - DEBUG - {"clientId": {"$oid": "67673e88a872a5dc877bc3ec"}, "message": "Command started", "command": "{\"ping\": 1, \"lsid\": {\"id\": {\"$binary\": {\"base64\": \"Ky/mlI4UStGy6nsErM+q9Q==\", \"subType\": \"04\"}}}, \"$db\": \"admin\"}", "commandName": "ping", "databaseName": "admin", "requestId": 424238335, "operationId": 424238335, "driverConnectionId": 1, "serverConnectionId": 18, "serverHost": "localhost", "serverPort": 27017}
2024-12-21 19:17:44,751 - pymongo.command - DEBUG - {"clientId": {"$oid": "67673e88a872a5dc877bc3ec"}, "message": "Command succeeded", "durationMS": 3.5509999999999997, "reply": "{\"ok\": 1.0}", "commandName": "ping", "databaseName": "admin", "requestId": 424238335, "operationId": 424238335, "driverConnectionId": 1, "serverConnectionId": 18, "serverHost": "localhost", "serverPort": 27017}
2024-12-21 19:17:44,753 - pymongo.connection - DEBUG - {"clientId": {"$oid": "67673e88a872a5dc877bc3ec"}, "message": "Connection checked in", "serverHost": "localhost", "serverPort": 27017, "driverConnectionId": 1}
2024-12-21 20:32:38,745 - app - INFO - Tentando conectar ao MongoDB...
2024-12-21 20:32:38,763 - pymongo.topology - DEBUG - {"topologyId": {"$oid": "67675016d0fd623f547dc440"}, "message": "Starting topology monitoring"}
2024-12-21 20:32:38,764 - pymongo.topology - DEBUG - {"topologyId": {"$oid": "67675016d0fd623f547dc440"}, "previousDescription": "<TopologyDescription id: 67675016d0fd623f547dc440, topology_type: Unknown, servers: []>", "newDescription": "<TopologyDescription id: 67675016d0fd623f547dc440, topology_type: Unknown, servers: [<ServerDescription ('localhost', 27017) server_type: Unknown, rtt: None>]>", "message": "Topology description changed"}
2024-12-21 20:32:38,766 - pymongo.topology - DEBUG - {"topologyId": {"$oid": "67675016d0fd623f547dc440"}, "serverHost": "localhost", "serverPort": 27017, "message": "Starting server monitoring"}
2024-12-21 20:32:38,767 - pymongo.connection - DEBUG - {"clientId": {"$oid": "67675016d0fd623f547dc440"}, "message": "Connection pool created", "serverHost": "localhost", "serverPort": 27017}
2024-12-21 20:32:38,772 - app - INFO - Conexão com MongoDB bem-sucedida!
2024-12-21 20:32:38,772 - pymongo.topology - DEBUG - {"topologyId": {"$oid": "67675016d0fd623f547dc440"}, "driverConnectionId": 1, "serverHost": "localhost", "serverPort": 27017, "awaited": false, "message": "Server heartbeat started"}
2024-12-21 20:32:38,772 - pymongo.serverSelection - DEBUG - {"message": "Server selection started", "selector": "Primary()", "operation": "ping", "topologyDescription": "<TopologyDescription id: 67675016d0fd623f547dc440, topology_type: Unknown, servers: [<ServerDescription ('localhost', 27017) server_type: Unknown, rtt: None>]>", "clientId": {"$oid": "67675016d0fd623f547dc440"}}
2024-12-21 20:32:38,776 - pymongo.serverSelection - DEBUG - {"message": "Waiting for suitable server to become available", "selector": "Primary()", "operation": "ping", "topologyDescription": "<TopologyDescription id: 67675016d0fd623f547dc440, topology_type: Unknown, servers: [<ServerDescription ('localhost', 27017) server_type: Unknown, rtt: None>]>", "clientId": {"$oid": "67675016d0fd623f547dc440"}, "remainingTimeMS": 29}
2024-12-21 20:32:38,809 - pymongo.topology - DEBUG - {"topologyId": {"$oid": "67675016d0fd623f547dc440"}, "driverConnectionId": 1, "serverConnectionId": 19, "serverHost": "localhost", "serverPort": 27017, "awaited": false, "durationMS": 33.63168299983954, "reply": "{\"helloOk\": true, \"ismaster\": true, \"topologyVersion\": {\"processId\": {\"$oid\": \"676736d0e01451cf69ab2537\"}}, \"maxBsonObjectSize\": 16777216, \"maxMessageSizeBytes\": 48000000, \"maxWriteBatchSize\": 100000, \"localTime\": {\"$date\": \"2024-12-21T23:32:38.807Z\"}, \"logicalSessionTimeoutMinutes\": 30, \"connectionId\": 19, \"maxWireVersion\": 17, \"ok\": 1.0}", "message": "Server heartbeat succeeded"}
2024-12-21 20:32:38,810 - pymongo.connection - DEBUG - {"clientId": {"$oid": "67675016d0fd623f547dc440"}, "message": "Connection pool ready", "serverHost": "localhost", "serverPort": 27017}
2024-12-21 20:32:38,810 - pymongo.topology - DEBUG - {"topologyId": {"$oid": "67675016d0fd623f547dc440"}, "previousDescription": "<TopologyDescription id: 67675016d0fd623f547dc440, topology_type: Unknown, servers: [<ServerDescription ('localhost', 27017) server_type: Unknown, rtt: None>]>", "newDescription": "<TopologyDescription id: 67675016d0fd623f547dc440, topology_type: Single, servers: [<ServerDescription ('localhost', 27017) server_type: Standalone, rtt: 0.03363168299983954>]>", "message": "Topology description changed"}
2024-12-21 20:32:38,812 - pymongo.serverSelection - DEBUG - {"message": "Server selection succeeded", "selector": "Primary()", "operation": "ping", "topologyDescription": "<TopologyDescription id: 67675016d0fd623f547dc440, topology_type: Single, servers: [<ServerDescription ('localhost', 27017) server_type: Standalone, rtt: 0.03363168299983954>]>", "clientId": {"$oid": "67675016d0fd623f547dc440"}, "serverHost": "localhost", "serverPort": 27017}
2024-12-21 20:32:38,813 - pymongo.topology - DEBUG - {"topologyId": {"$oid": "67675016d0fd623f547dc440"}, "driverConnectionId": 1, "serverConnectionId": 19, "serverHost": "localhost", "serverPort": 27017, "awaited": true, "message": "Server heartbeat started"}
2024-12-21 20:32:38,814 - pymongo.connection - DEBUG - {"clientId": {"$oid": "67675016d0fd623f547dc440"}, "message": "Connection checkout started", "serverHost": "localhost", "serverPort": 27017}
2024-12-21 20:32:38,818 - pymongo.connection - DEBUG - {"clientId": {"$oid": "67675016d0fd623f547dc440"}, "message": "Connection created", "serverHost": "localhost", "serverPort": 27017, "driverConnectionId": 1}
2024-12-21 20:32:38,922 - pymongo.connection - DEBUG - {"clientId": {"$oid": "67675016d0fd623f547dc440"}, "message": "Connection ready", "serverHost": "localhost", "serverPort": 27017, "driverConnectionId": 1, "durationMS": 0.10224054300124408}
2024-12-21 20:32:38,925 - pymongo.connection - DEBUG - {"clientId": {"$oid": "67675016d0fd623f547dc440"}, "message": "Connection checked out", "serverHost": "localhost", "serverPort": 27017, "driverConnectionId": 1, "durationMS": 0.11080068400042364}
2024-12-21 20:32:38,929 - pymongo.command - DEBUG - {"clientId": {"$oid": "67675016d0fd623f547dc440"}, "message": "Command started", "command": "{\"ping\": 1, \"lsid\": {\"id\": {\"$binary\": {\"base64\": \"4yGyACM5QN2R0lok9RQxBw==\", \"subType\": \"04\"}}}, \"$db\": \"admin\"}", "commandName": "ping", "databaseName": "admin", "requestId": 424238335, "operationId": 424238335, "driverConnectionId": 1, "serverConnectionId": 21, "serverHost": "localhost", "serverPort": 27017}
2024-12-21 20:32:38,939 - pymongo.command - DEBUG - {"clientId": {"$oid": "67675016d0fd623f547dc440"}, "message": "Command succeeded", "durationMS": 10.22, "reply": "{\"ok\": 1.0}", "commandName": "ping", "databaseName": "admin", "requestId": 424238335, "operationId": 424238335, "driverConnectionId": 1, "serverConnectionId": 21, "serverHost": "localhost", "serverPort": 27017}
2024-12-21 20:32:38,942 - pymongo.connection - DEBUG - {"clientId": {"$oid": "67675016d0fd623f547dc440"}, "message": "Connection checked in", "serverHost": "localhost", "serverPort": 27017, "driverConnectionId": 1}
2024-12-21 20:32:38,963 - sentence_transformers.SentenceTransformer - INFO - Use pytorch device_name: cpu
2024-12-21 20:32:38,965 - sentence_transformers.SentenceTransformer - INFO - Load pretrained SentenceTransformer: nomic-ai/nomic-embed-text-v1
2024-12-21 20:32:38,978 - urllib3.connectionpool - DEBUG - Starting new HTTPS connection (1): huggingface.co:443
2024-12-21 20:32:39,353 - urllib3.connectionpool - DEBUG - https://huggingface.co:443 "HEAD /nomic-ai/nomic-embed-text-v1/resolve/main/modules.json HTTP/11" 200 0
2024-12-21 20:32:39,493 - urllib3.connectionpool - DEBUG - https://huggingface.co:443 "HEAD /nomic-ai/nomic-embed-text-v1/resolve/main/config_sentence_transformers.json HTTP/11" 200 0
2024-12-21 20:32:39,644 - urllib3.connectionpool - DEBUG - https://huggingface.co:443 "HEAD /nomic-ai/nomic-embed-text-v1/resolve/main/README.md HTTP/11" 200 0
2024-12-21 20:32:39,785 - urllib3.connectionpool - DEBUG - https://huggingface.co:443 "HEAD /nomic-ai/nomic-embed-text-v1/resolve/main/modules.json HTTP/11" 200 0
2024-12-21 20:32:39,923 - urllib3.connectionpool - DEBUG - https://huggingface.co:443 "HEAD /nomic-ai/nomic-embed-text-v1/resolve/main/sentence_bert_config.json HTTP/11" 200 0
2024-12-21 20:32:40,060 - urllib3.connectionpool - DEBUG - https://huggingface.co:443 "HEAD /nomic-ai/nomic-embed-text-v1/resolve/main/adapter_config.json HTTP/11" 404 0
2024-12-21 20:32:40,202 - urllib3.connectionpool - DEBUG - https://huggingface.co:443 "HEAD /nomic-ai/nomic-embed-text-v1/resolve/main/config.json HTTP/11" 200 0
2024-12-21 20:32:40,346 - urllib3.connectionpool - DEBUG - https://huggingface.co:443 "HEAD /nomic-ai/nomic-bert-2048/resolve/main/configuration_hf_nomic_bert.py HTTP/11" 200 0
2024-12-21 20:32:40,490 - urllib3.connectionpool - DEBUG - https://huggingface.co:443 "HEAD /nomic-ai/nomic-embed-text-v1/resolve/main/config.json HTTP/11" 200 0
2024-12-21 20:32:40,823 - urllib3.connectionpool - DEBUG - https://huggingface.co:443 "HEAD /nomic-ai/nomic-bert-2048/resolve/main/modeling_hf_nomic_bert.py HTTP/11" 200 0
2024-12-21 20:32:42,492 - urllib3.connectionpool - DEBUG - https://huggingface.co:443 "HEAD /nomic-ai/nomic-embed-text-v1/resolve/main/pytorch_model.bin HTTP/11" 302 0
2024-12-21 20:32:43,383 - transformers_modules.nomic-ai.nomic-bert-2048.40b98394640e630d5276807046089b233113aa87.modeling_hf_nomic_bert - WARNING - <All keys matched successfully>
2024-12-21 20:32:43,543 - urllib3.connectionpool - DEBUG - https://huggingface.co:443 "HEAD /nomic-ai/nomic-embed-text-v1/resolve/main/tokenizer_config.json HTTP/11" 200 0
2024-12-21 20:32:43,736 - urllib3.connectionpool - DEBUG - https://huggingface.co:443 "GET /api/models/nomic-ai/nomic-embed-text-v1/revision/main HTTP/11" 200 147346
2024-12-21 20:32:44,049 - urllib3.connectionpool - DEBUG - https://huggingface.co:443 "GET /api/models/nomic-ai/nomic-embed-text-v1 HTTP/11" 200 147346
2024-12-21 20:33:45,461 - app - INFO - Tentando conectar ao MongoDB...
2024-12-21 20:33:45,466 - pymongo.topology - DEBUG - {"topologyId": {"$oid": "67675059d0fd623f547dc441"}, "message": "Starting topology monitoring"}
2024-12-21 20:33:45,467 - pymongo.topology - DEBUG - {"topologyId": {"$oid": "67675059d0fd623f547dc441"}, "previousDescription": "<TopologyDescription id: 67675059d0fd623f547dc441, topology_type: Unknown, servers: []>", "newDescription": "<TopologyDescription id: 67675059d0fd623f547dc441, topology_type: Unknown, servers: [<ServerDescription ('localhost', 27017) server_type: Unknown, rtt: None>]>", "message": "Topology description changed"}
2024-12-21 20:33:45,468 - pymongo.topology - DEBUG - {"topologyId": {"$oid": "67675059d0fd623f547dc441"}, "serverHost": "localhost", "serverPort": 27017, "message": "Starting server monitoring"}
2024-12-21 20:33:45,470 - pymongo.connection - DEBUG - {"clientId": {"$oid": "67675059d0fd623f547dc441"}, "message": "Connection pool created", "serverHost": "localhost", "serverPort": 27017}
2024-12-21 20:33:45,473 - app - INFO - Conexão com MongoDB bem-sucedida!
2024-12-21 20:33:45,473 - pymongo.topology - DEBUG - {"topologyId": {"$oid": "67675059d0fd623f547dc441"}, "driverConnectionId": 1, "serverHost": "localhost", "serverPort": 27017, "awaited": false, "message": "Server heartbeat started"}
2024-12-21 20:33:45,474 - pymongo.serverSelection - DEBUG - {"message": "Server selection started", "selector": "Primary()", "operation": "ping", "topologyDescription": "<TopologyDescription id: 67675059d0fd623f547dc441, topology_type: Unknown, servers: [<ServerDescription ('localhost', 27017) server_type: Unknown, rtt: None>]>", "clientId": {"$oid": "67675059d0fd623f547dc441"}}
2024-12-21 20:33:45,477 - pymongo.serverSelection - DEBUG - {"message": "Waiting for suitable server to become available", "selector": "Primary()", "operation": "ping", "topologyDescription": "<TopologyDescription id: 67675059d0fd623f547dc441, topology_type: Unknown, servers: [<ServerDescription ('localhost', 27017) server_type: Unknown, rtt: None>]>", "clientId": {"$oid": "67675059d0fd623f547dc441"}, "remainingTimeMS": 29}
2024-12-21 20:33:45,479 - pymongo.topology - DEBUG - {"topologyId": {"$oid": "67675059d0fd623f547dc441"}, "driverConnectionId": 1, "serverConnectionId": 22, "serverHost": "localhost", "serverPort": 27017, "awaited": false, "durationMS": 3.1006200006231666, "reply": "{\"helloOk\": true, \"ismaster\": true, \"topologyVersion\": {\"processId\": {\"$oid\": \"676736d0e01451cf69ab2537\"}}, \"maxBsonObjectSize\": 16777216, \"maxMessageSizeBytes\": 48000000, \"maxWriteBatchSize\": 100000, \"localTime\": {\"$date\": \"2024-12-21T23:33:45.478Z\"}, \"logicalSessionTimeoutMinutes\": 30, \"connectionId\": 22, \"maxWireVersion\": 17, \"ok\": 1.0}", "message": "Server heartbeat succeeded"}
2024-12-21 20:33:45,480 - pymongo.connection - DEBUG - {"clientId": {"$oid": "67675059d0fd623f547dc441"}, "message": "Connection pool ready", "serverHost": "localhost", "serverPort": 27017}
2024-12-21 20:33:45,481 - pymongo.topology - DEBUG - {"topologyId": {"$oid": "67675059d0fd623f547dc441"}, "previousDescription": "<TopologyDescription id: 67675059d0fd623f547dc441, topology_type: Unknown, servers: [<ServerDescription ('localhost', 27017) server_type: Unknown, rtt: None>]>", "newDescription": "<TopologyDescription id: 67675059d0fd623f547dc441, topology_type: Single, servers: [<ServerDescription ('localhost', 27017) server_type: Standalone, rtt: 0.0031006200006231666>]>", "message": "Topology description changed"}
2024-12-21 20:33:45,483 - pymongo.serverSelection - DEBUG - {"message": "Server selection succeeded", "selector": "Primary()", "operation": "ping", "topologyDescription": "<TopologyDescription id: 67675059d0fd623f547dc441, topology_type: Single, servers: [<ServerDescription ('localhost', 27017) server_type: Standalone, rtt: 0.0031006200006231666>]>", "clientId": {"$oid": "67675059d0fd623f547dc441"}, "serverHost": "localhost", "serverPort": 27017}
2024-12-21 20:33:45,483 - pymongo.topology - DEBUG - {"topologyId": {"$oid": "67675059d0fd623f547dc441"}, "driverConnectionId": 1, "serverConnectionId": 22, "serverHost": "localhost", "serverPort": 27017, "awaited": true, "message": "Server heartbeat started"}
2024-12-21 20:33:45,484 - pymongo.connection - DEBUG - {"clientId": {"$oid": "67675059d0fd623f547dc441"}, "message": "Connection checkout started", "serverHost": "localhost", "serverPort": 27017}
2024-12-21 20:33:45,487 - pymongo.connection - DEBUG - {"clientId": {"$oid": "67675059d0fd623f547dc441"}, "message": "Connection created", "serverHost": "localhost", "serverPort": 27017, "driverConnectionId": 1}
2024-12-21 20:33:45,496 - pymongo.connection - DEBUG - {"clientId": {"$oid": "67675059d0fd623f547dc441"}, "message": "Connection ready", "serverHost": "localhost", "serverPort": 27017, "driverConnectionId": 1, "durationMS": 0.0082533289987623}
2024-12-21 20:33:45,497 - pymongo.connection - DEBUG - {"clientId": {"$oid": "67675059d0fd623f547dc441"}, "message": "Connection checked out", "serverHost": "localhost", "serverPort": 27017, "driverConnectionId": 1, "durationMS": 0.012789662001523538}
2024-12-21 20:33:45,498 - pymongo.command - DEBUG - {"clientId": {"$oid": "67675059d0fd623f547dc441"}, "message": "Command started", "command": "{\"ping\": 1, \"lsid\": {\"id\": {\"$binary\": {\"base64\": \"uopOfnztRrC0vNj1v9/CXA==\", \"subType\": \"04\"}}}, \"$db\": \"admin\"}", "commandName": "ping", "databaseName": "admin", "requestId": 1350490027, "operationId": 1350490027, "driverConnectionId": 1, "serverConnectionId": 24, "serverHost": "localhost", "serverPort": 27017}
2024-12-21 20:33:45,500 - pymongo.command - DEBUG - {"clientId": {"$oid": "67675059d0fd623f547dc441"}, "message": "Command succeeded", "durationMS": 1.839, "reply": "{\"ok\": 1.0}", "commandName": "ping", "databaseName": "admin", "requestId": 1350490027, "operationId": 1350490027, "driverConnectionId": 1, "serverConnectionId": 24, "serverHost": "localhost", "serverPort": 27017}
2024-12-21 20:33:45,501 - pymongo.connection - DEBUG - {"clientId": {"$oid": "67675059d0fd623f547dc441"}, "message": "Connection checked in", "serverHost": "localhost", "serverPort": 27017, "driverConnectionId": 1}
2024-12-21 20:33:45,503 - pymongo.serverSelection - DEBUG - {"message": "Server selection started", "selector": "<function writable_server_selector at 0x7f117cb2e560>", "operation": "insert", "operationId": -1538554516, "topologyDescription": "<TopologyDescription id: 67675059d0fd623f547dc441, topology_type: Single, servers: [<ServerDescription ('localhost', 27017) server_type: Standalone, rtt: 0.0031006200006231666>]>", "clientId": {"$oid": "67675059d0fd623f547dc441"}}
2024-12-21 20:33:45,504 - pymongo.serverSelection - DEBUG - {"message": "Server selection succeeded", "selector": "<function writable_server_selector at 0x7f117cb2e560>", "operation": "insert", "operationId": -1538554516, "topologyDescription": "<TopologyDescription id: 67675059d0fd623f547dc441, topology_type: Single, servers: [<ServerDescription ('localhost', 27017) server_type: Standalone, rtt: 0.0031006200006231666>]>", "clientId": {"$oid": "67675059d0fd623f547dc441"}, "serverHost": "localhost", "serverPort": 27017}
2024-12-21 20:33:45,505 - pymongo.connection - DEBUG - {"clientId": {"$oid": "67675059d0fd623f547dc441"}, "message": "Connection checkout started", "serverHost": "localhost", "serverPort": 27017}
2024-12-21 20:33:45,506 - pymongo.connection - DEBUG - {"clientId": {"$oid": "67675059d0fd623f547dc441"}, "message": "Connection checked out", "serverHost": "localhost", "serverPort": 27017, "driverConnectionId": 1, "durationMS": 0.0016421499985881383}
2024-12-21 20:33:45,527 - pymongo.command - DEBUG - {"clientId": {"$oid": "67675059d0fd623f547dc441"}, "message": "Command started", "command": "{\"insert\": \"base_conhecimento\", \"ordered\": true, \"lsid\": {\"id\": {\"$binary\": {\"base64\": \"uopOfnztRrC0vNj1v9/CXA==\", \"subType\": \"04\"}}}, \"$db\": \"artigo_db\", \"documents\": [{\"text\": \"Simbi\u00f3tica. Revista Eletr\u00f4nica                                                                                          Vit\u00f3ria, Brasil - ISSN 2316-1620 \nEsta obra est\u00e1 licenciada sob uma licen\u00e7a Creative Commons \u2013 Atribui\u00e7\u00e3o N\u00e3o Comercial 4.0 Internacional. \nSimbi\u00f3tica. Revista Eletr\u00f4nica, Vit\u00f3ria. ISSN: 2316-1620. \n \n  \nO pensamento de m\u00e1quinas em Ada Lovelace\", \"embedding\": [0.009939074516296387, 0.025341976433992386, -0.027393227443099022, -0.08491351455450058, 0.009313060902059078, 0.006799014750868082, 0.02512974478304386, 0.00884439330548048, -0.0720619261264801, 0.02763361670076847, -0.04237125441431999, 0.014763813465833664, 0.07940267026424408, -0.024924306198954582, 0.04946138709783554, -0.004591437056660652, 0.025393586605787277,...", "commandName": "insert", "databaseName": "artigo_db", "requestId": 783368690, "operationId": 783368690, "driverConnectionId": 1, "serverConnectionId": 24, "serverHost": "localhost", "serverPort": 27017}
2024-12-21 20:33:45,717 - pymongo.command - DEBUG - {"clientId": {"$oid": "67675059d0fd623f547dc441"}, "message": "Command succeeded", "durationMS": 209.675, "reply": "{\"n\": 183, \"ok\": 1.0}", "commandName": "insert", "databaseName": "artigo_db", "requestId": 783368690, "operationId": 783368690, "driverConnectionId": 1, "serverConnectionId": 24, "serverHost": "localhost", "serverPort": 27017}
2024-12-21 20:33:45,718 - pymongo.connection - DEBUG - {"clientId": {"$oid": "67675059d0fd623f547dc441"}, "message": "Connection checked in", "serverHost": "localhost", "serverPort": 27017, "driverConnectionId": 1}
2024-12-21 20:33:45,987 - pymongo.topology - DEBUG - {"topologyId": {"$oid": "67675059d0fd623f547dc441"}, "serverHost": "localhost", "serverPort": 27017, "awaited": true, "durationMS": 504.0339650004171, "failure": "\"_OperationCancelled('operation cancelled')\"", "message": "Server heartbeat failed"}
2024-12-21 20:36:14,439 - sentence_transformers.SentenceTransformer - INFO - Use pytorch device_name: cpu
2024-12-21 20:36:14,439 - sentence_transformers.SentenceTransformer - INFO - Load pretrained SentenceTransformer: nomic-ai/nomic-embed-text-v1
2024-12-21 20:36:14,442 - urllib3.connectionpool - DEBUG - Starting new HTTPS connection (1): huggingface.co:443
2024-12-21 20:36:14,732 - urllib3.connectionpool - DEBUG - https://huggingface.co:443 "HEAD /nomic-ai/nomic-embed-text-v1/resolve/main/modules.json HTTP/11" 200 0
2024-12-21 20:36:14,879 - urllib3.connectionpool - DEBUG - https://huggingface.co:443 "HEAD /nomic-ai/nomic-embed-text-v1/resolve/main/config_sentence_transformers.json HTTP/11" 200 0
2024-12-21 20:36:15,017 - urllib3.connectionpool - DEBUG - https://huggingface.co:443 "HEAD /nomic-ai/nomic-embed-text-v1/resolve/main/README.md HTTP/11" 200 0
2024-12-21 20:36:15,156 - urllib3.connectionpool - DEBUG - https://huggingface.co:443 "HEAD /nomic-ai/nomic-embed-text-v1/resolve/main/modules.json HTTP/11" 200 0
2024-12-21 20:36:15,297 - urllib3.connectionpool - DEBUG - https://huggingface.co:443 "HEAD /nomic-ai/nomic-embed-text-v1/resolve/main/sentence_bert_config.json HTTP/11" 200 0
2024-12-21 20:36:15,440 - urllib3.connectionpool - DEBUG - https://huggingface.co:443 "HEAD /nomic-ai/nomic-embed-text-v1/resolve/main/adapter_config.json HTTP/11" 404 0
2024-12-21 20:36:15,582 - urllib3.connectionpool - DEBUG - https://huggingface.co:443 "HEAD /nomic-ai/nomic-embed-text-v1/resolve/main/config.json HTTP/11" 200 0
2024-12-21 20:36:15,741 - urllib3.connectionpool - DEBUG - https://huggingface.co:443 "HEAD /nomic-ai/nomic-bert-2048/resolve/main/configuration_hf_nomic_bert.py HTTP/11" 200 0
2024-12-21 20:36:15,902 - urllib3.connectionpool - DEBUG - https://huggingface.co:443 "HEAD /nomic-ai/nomic-embed-text-v1/resolve/main/config.json HTTP/11" 200 0
2024-12-21 20:36:16,155 - urllib3.connectionpool - DEBUG - https://huggingface.co:443 "HEAD /nomic-ai/nomic-bert-2048/resolve/main/modeling_hf_nomic_bert.py HTTP/11" 200 0
2024-12-21 20:36:17,570 - urllib3.connectionpool - DEBUG - https://huggingface.co:443 "HEAD /nomic-ai/nomic-embed-text-v1/resolve/main/pytorch_model.bin HTTP/11" 302 0
2024-12-21 20:36:18,432 - transformers_modules.nomic-ai.nomic-bert-2048.40b98394640e630d5276807046089b233113aa87.modeling_hf_nomic_bert - WARNING - <All keys matched successfully>
2024-12-21 20:36:18,637 - urllib3.connectionpool - DEBUG - https://huggingface.co:443 "HEAD /nomic-ai/nomic-embed-text-v1/resolve/main/tokenizer_config.json HTTP/11" 200 0
2024-12-21 20:36:19,221 - urllib3.connectionpool - DEBUG - https://huggingface.co:443 "GET /api/models/nomic-ai/nomic-embed-text-v1/revision/main HTTP/11" 200 147346
2024-12-21 20:36:19,526 - urllib3.connectionpool - DEBUG - https://huggingface.co:443 "GET /api/models/nomic-ai/nomic-embed-text-v1 HTTP/11" 200 147346
2024-12-21 20:37:22,459 - app - INFO - Tentando conectar ao MongoDB...
2024-12-21 20:37:22,462 - app - ERROR - Falha ao conectar ao MongoDB: Unknown option: maxTimeMS. Did you mean one of (maxidletimems, timeoutms, wtimeoutms) or maybe a camelCase version of one? Refer to docstring.
Traceback (most recent call last):
  File "/root/.cache/pypoetry/virtualenvs/mongodb-rag-ebRXrJKb-py3.10/lib/python3.10/site-packages/pymongo/common.py", line 821, in _get_validator
    return validators[normed_key]
KeyError: 'maxtimems'

During handling of the above exception, another exception occurred:

Traceback (most recent call last):
  File "/mnt/c/Users/mdbaa/development/projects/post_medium/post_mongodb_rag/app/app.py", line 27, in get_client
    client = MongoClient(uri, maxTimeMS=5000)
  File "/root/.cache/pypoetry/virtualenvs/mongodb-rag-ebRXrJKb-py3.10/lib/python3.10/site-packages/pymongo/synchronous/mongo_client.py", line 822, in __init__
    dict(common.validate(keyword_opts.cased_key(k), v) for k, v in keyword_opts.items())
  File "/root/.cache/pypoetry/virtualenvs/mongodb-rag-ebRXrJKb-py3.10/lib/python3.10/site-packages/pymongo/synchronous/mongo_client.py", line 822, in <genexpr>
    dict(common.validate(keyword_opts.cased_key(k), v) for k, v in keyword_opts.items())
  File "/root/.cache/pypoetry/virtualenvs/mongodb-rag-ebRXrJKb-py3.10/lib/python3.10/site-packages/pymongo/common.py", line 829, in validate
    validator = _get_validator(option, VALIDATORS, normed_key=option.lower())
  File "/root/.cache/pypoetry/virtualenvs/mongodb-rag-ebRXrJKb-py3.10/lib/python3.10/site-packages/pymongo/common.py", line 824, in _get_validator
    raise_config_error(key, suggestions)
  File "/root/.cache/pypoetry/virtualenvs/mongodb-rag-ebRXrJKb-py3.10/lib/python3.10/site-packages/pymongo/common.py", line 171, in raise_config_error
    raise ConfigurationError(msg)
pymongo.errors.ConfigurationError: Unknown option: maxTimeMS. Did you mean one of (maxidletimems, timeoutms, wtimeoutms) or maybe a camelCase version of one? Refer to docstring.
2024-12-21 20:38:09,399 - sentence_transformers.SentenceTransformer - INFO - Use pytorch device_name: cpu
2024-12-21 20:38:09,400 - sentence_transformers.SentenceTransformer - INFO - Load pretrained SentenceTransformer: nomic-ai/nomic-embed-text-v1
2024-12-21 20:38:09,403 - urllib3.connectionpool - DEBUG - Starting new HTTPS connection (1): huggingface.co:443
2024-12-21 20:38:09,718 - urllib3.connectionpool - DEBUG - https://huggingface.co:443 "HEAD /nomic-ai/nomic-embed-text-v1/resolve/main/modules.json HTTP/11" 200 0
2024-12-21 20:38:09,864 - urllib3.connectionpool - DEBUG - https://huggingface.co:443 "HEAD /nomic-ai/nomic-embed-text-v1/resolve/main/config_sentence_transformers.json HTTP/11" 200 0
2024-12-21 20:38:10,006 - urllib3.connectionpool - DEBUG - https://huggingface.co:443 "HEAD /nomic-ai/nomic-embed-text-v1/resolve/main/README.md HTTP/11" 200 0
2024-12-21 20:38:10,164 - urllib3.connectionpool - DEBUG - https://huggingface.co:443 "HEAD /nomic-ai/nomic-embed-text-v1/resolve/main/modules.json HTTP/11" 200 0
2024-12-21 20:38:10,306 - urllib3.connectionpool - DEBUG - https://huggingface.co:443 "HEAD /nomic-ai/nomic-embed-text-v1/resolve/main/sentence_bert_config.json HTTP/11" 200 0
2024-12-21 20:38:10,449 - urllib3.connectionpool - DEBUG - https://huggingface.co:443 "HEAD /nomic-ai/nomic-embed-text-v1/resolve/main/adapter_config.json HTTP/11" 404 0
2024-12-21 20:38:10,589 - urllib3.connectionpool - DEBUG - https://huggingface.co:443 "HEAD /nomic-ai/nomic-embed-text-v1/resolve/main/config.json HTTP/11" 200 0
2024-12-21 20:38:10,729 - urllib3.connectionpool - DEBUG - https://huggingface.co:443 "HEAD /nomic-ai/nomic-bert-2048/resolve/main/configuration_hf_nomic_bert.py HTTP/11" 200 0
2024-12-21 20:38:10,873 - urllib3.connectionpool - DEBUG - https://huggingface.co:443 "HEAD /nomic-ai/nomic-embed-text-v1/resolve/main/config.json HTTP/11" 200 0
2024-12-21 20:38:11,194 - urllib3.connectionpool - DEBUG - https://huggingface.co:443 "HEAD /nomic-ai/nomic-bert-2048/resolve/main/modeling_hf_nomic_bert.py HTTP/11" 200 0
2024-12-21 20:38:12,731 - urllib3.connectionpool - DEBUG - https://huggingface.co:443 "HEAD /nomic-ai/nomic-embed-text-v1/resolve/main/pytorch_model.bin HTTP/11" 302 0
2024-12-21 20:38:13,936 - transformers_modules.nomic-ai.nomic-bert-2048.40b98394640e630d5276807046089b233113aa87.modeling_hf_nomic_bert - WARNING - <All keys matched successfully>
2024-12-21 20:38:14,118 - urllib3.connectionpool - DEBUG - https://huggingface.co:443 "HEAD /nomic-ai/nomic-embed-text-v1/resolve/main/tokenizer_config.json HTTP/11" 200 0
2024-12-21 20:38:14,314 - urllib3.connectionpool - DEBUG - https://huggingface.co:443 "GET /api/models/nomic-ai/nomic-embed-text-v1/revision/main HTTP/11" 200 147346
2024-12-21 20:38:14,609 - urllib3.connectionpool - DEBUG - https://huggingface.co:443 "GET /api/models/nomic-ai/nomic-embed-text-v1 HTTP/11" 200 147346
2024-12-21 20:39:15,877 - app - INFO - Tentando conectar ao MongoDB...
2024-12-21 20:39:15,897 - pymongo.topology - DEBUG - {"topologyId": {"$oid": "676751a37f75b4495e3b81e1"}, "message": "Starting topology monitoring"}
2024-12-21 20:39:15,899 - pymongo.topology - DEBUG - {"topologyId": {"$oid": "676751a37f75b4495e3b81e1"}, "previousDescription": "<TopologyDescription id: 676751a37f75b4495e3b81e1, topology_type: Unknown, servers: []>", "newDescription": "<TopologyDescription id: 676751a37f75b4495e3b81e1, topology_type: Unknown, servers: [<ServerDescription ('localhost', 27017) server_type: Unknown, rtt: None>]>", "message": "Topology description changed"}
2024-12-21 20:39:15,900 - pymongo.topology - DEBUG - {"topologyId": {"$oid": "676751a37f75b4495e3b81e1"}, "serverHost": "localhost", "serverPort": 27017, "message": "Starting server monitoring"}
2024-12-21 20:39:15,902 - pymongo.connection - DEBUG - {"clientId": {"$oid": "676751a37f75b4495e3b81e1"}, "message": "Connection pool created", "serverHost": "localhost", "serverPort": 27017}
2024-12-21 20:39:15,905 - pymongo.topology - DEBUG - {"topologyId": {"$oid": "676751a37f75b4495e3b81e1"}, "driverConnectionId": 1, "serverHost": "localhost", "serverPort": 27017, "awaited": false, "message": "Server heartbeat started"}
2024-12-21 20:39:15,905 - app - INFO - Conexão com MongoDB bem-sucedida!
2024-12-21 20:39:15,907 - pymongo.serverSelection - DEBUG - {"message": "Server selection started", "selector": "Primary()", "operation": "ping", "topologyDescription": "<TopologyDescription id: 676751a37f75b4495e3b81e1, topology_type: Unknown, servers: [<ServerDescription ('localhost', 27017) server_type: Unknown, rtt: None>]>", "clientId": {"$oid": "676751a37f75b4495e3b81e1"}}
2024-12-21 20:39:15,908 - pymongo.topology - DEBUG - {"topologyId": {"$oid": "676751a37f75b4495e3b81e1"}, "driverConnectionId": 1, "serverConnectionId": 27, "serverHost": "localhost", "serverPort": 27017, "awaited": false, "durationMS": 2.3195800004032208, "reply": "{\"helloOk\": true, \"ismaster\": true, \"topologyVersion\": {\"processId\": {\"$oid\": \"676736d0e01451cf69ab2537\"}}, \"maxBsonObjectSize\": 16777216, \"maxMessageSizeBytes\": 48000000, \"maxWriteBatchSize\": 100000, \"localTime\": {\"$date\": \"2024-12-21T23:39:15.907Z\"}, \"logicalSessionTimeoutMinutes\": 30, \"connectionId\": 27, \"maxWireVersion\": 17, \"ok\": 1.0}", "message": "Server heartbeat succeeded"}
2024-12-21 20:39:15,909 - pymongo.serverSelection - DEBUG - {"message": "Waiting for suitable server to become available", "selector": "Primary()", "operation": "ping", "topologyDescription": "<TopologyDescription id: 676751a37f75b4495e3b81e1, topology_type: Unknown, servers: [<ServerDescription ('localhost', 27017) server_type: Unknown, rtt: None>]>", "clientId": {"$oid": "676751a37f75b4495e3b81e1"}, "remainingTimeMS": 4}
2024-12-21 20:39:15,911 - pymongo.connection - DEBUG - {"clientId": {"$oid": "676751a37f75b4495e3b81e1"}, "message": "Connection pool ready", "serverHost": "localhost", "serverPort": 27017}
2024-12-21 20:39:15,912 - pymongo.topology - DEBUG - {"topologyId": {"$oid": "676751a37f75b4495e3b81e1"}, "previousDescription": "<TopologyDescription id: 676751a37f75b4495e3b81e1, topology_type: Unknown, servers: [<ServerDescription ('localhost', 27017) server_type: Unknown, rtt: None>]>", "newDescription": "<TopologyDescription id: 676751a37f75b4495e3b81e1, topology_type: Single, servers: [<ServerDescription ('localhost', 27017) server_type: Standalone, rtt: 0.0023195800004032208>]>", "message": "Topology description changed"}
2024-12-21 20:39:15,913 - pymongo.serverSelection - DEBUG - {"message": "Server selection succeeded", "selector": "Primary()", "operation": "ping", "topologyDescription": "<TopologyDescription id: 676751a37f75b4495e3b81e1, topology_type: Single, servers: [<ServerDescription ('localhost', 27017) server_type: Standalone, rtt: 0.0023195800004032208>]>", "clientId": {"$oid": "676751a37f75b4495e3b81e1"}, "serverHost": "localhost", "serverPort": 27017}
2024-12-21 20:39:15,914 - pymongo.topology - DEBUG - {"topologyId": {"$oid": "676751a37f75b4495e3b81e1"}, "driverConnectionId": 1, "serverConnectionId": 27, "serverHost": "localhost", "serverPort": 27017, "awaited": true, "message": "Server heartbeat started"}
2024-12-21 20:39:15,915 - pymongo.connection - DEBUG - {"clientId": {"$oid": "676751a37f75b4495e3b81e1"}, "message": "Connection checkout started", "serverHost": "localhost", "serverPort": 27017}
2024-12-21 20:39:15,917 - pymongo.connection - DEBUG - {"clientId": {"$oid": "676751a37f75b4495e3b81e1"}, "message": "Connection created", "serverHost": "localhost", "serverPort": 27017, "driverConnectionId": 1}
2024-12-21 20:39:15,939 - pymongo.connection - DEBUG - {"clientId": {"$oid": "676751a37f75b4495e3b81e1"}, "message": "Connection ready", "serverHost": "localhost", "serverPort": 27017, "driverConnectionId": 1, "durationMS": 0.01994700700015528}
2024-12-21 20:39:15,940 - pymongo.connection - DEBUG - {"clientId": {"$oid": "676751a37f75b4495e3b81e1"}, "message": "Connection checked out", "serverHost": "localhost", "serverPort": 27017, "driverConnectionId": 1, "durationMS": 0.025400178999916534}
2024-12-21 20:39:15,943 - pymongo.command - DEBUG - {"clientId": {"$oid": "676751a37f75b4495e3b81e1"}, "message": "Command started", "command": "{\"ping\": 1, \"lsid\": {\"id\": {\"$binary\": {\"base64\": \"ZOCncNmcSlqQ2efsx8g9Sg==\", \"subType\": \"04\"}}}, \"maxTimeMS\": 4963, \"$db\": \"admin\"}", "commandName": "ping", "databaseName": "admin", "requestId": 424238335, "operationId": 424238335, "driverConnectionId": 1, "serverConnectionId": 29, "serverHost": "localhost", "serverPort": 27017}
2024-12-21 20:39:15,947 - pymongo.command - DEBUG - {"clientId": {"$oid": "676751a37f75b4495e3b81e1"}, "message": "Command succeeded", "durationMS": 4.066, "reply": "{\"ok\": 1.0}", "commandName": "ping", "databaseName": "admin", "requestId": 424238335, "operationId": 424238335, "driverConnectionId": 1, "serverConnectionId": 29, "serverHost": "localhost", "serverPort": 27017}
2024-12-21 20:39:15,950 - pymongo.connection - DEBUG - {"clientId": {"$oid": "676751a37f75b4495e3b81e1"}, "message": "Connection checked in", "serverHost": "localhost", "serverPort": 27017, "driverConnectionId": 1}
2024-12-21 20:39:15,958 - pymongo.serverSelection - DEBUG - {"message": "Server selection started", "selector": "<function writable_server_selector at 0x7f799a796710>", "operation": "insert", "operationId": 1578350550, "topologyDescription": "<TopologyDescription id: 676751a37f75b4495e3b81e1, topology_type: Single, servers: [<ServerDescription ('localhost', 27017) server_type: Standalone, rtt: 0.0023195800004032208>]>", "clientId": {"$oid": "676751a37f75b4495e3b81e1"}}
2024-12-21 20:39:15,961 - pymongo.serverSelection - DEBUG - {"message": "Server selection succeeded", "selector": "<function writable_server_selector at 0x7f799a796710>", "operation": "insert", "operationId": 1578350550, "topologyDescription": "<TopologyDescription id: 676751a37f75b4495e3b81e1, topology_type: Single, servers: [<ServerDescription ('localhost', 27017) server_type: Standalone, rtt: 0.0023195800004032208>]>", "clientId": {"$oid": "676751a37f75b4495e3b81e1"}, "serverHost": "localhost", "serverPort": 27017}
2024-12-21 20:39:15,964 - pymongo.connection - DEBUG - {"clientId": {"$oid": "676751a37f75b4495e3b81e1"}, "message": "Connection checkout started", "serverHost": "localhost", "serverPort": 27017}
2024-12-21 20:39:15,969 - pymongo.connection - DEBUG - {"clientId": {"$oid": "676751a37f75b4495e3b81e1"}, "message": "Connection checked out", "serverHost": "localhost", "serverPort": 27017, "driverConnectionId": 1, "durationMS": 0.005286273999445257}
2024-12-21 20:39:16,007 - pymongo.command - DEBUG - {"clientId": {"$oid": "676751a37f75b4495e3b81e1"}, "message": "Command started", "command": "{\"insert\": \"base_conhecimento\", \"ordered\": true, \"lsid\": {\"id\": {\"$binary\": {\"base64\": \"ZOCncNmcSlqQ2efsx8g9Sg==\", \"subType\": \"04\"}}}, \"maxTimeMS\": 4981, \"$db\": \"artigo_db\", \"documents\": [{\"text\": \"Simbi\u00f3tica. Revista Eletr\u00f4nica                                                                                          Vit\u00f3ria, Brasil - ISSN 2316-1620 \nEsta obra est\u00e1 licenciada sob uma licen\u00e7a Creative Commons \u2013 Atribui\u00e7\u00e3o N\u00e3o Comercial 4.0 Internacional. \nSimbi\u00f3tica. Revista Eletr\u00f4nica, Vit\u00f3ria. ISSN: 2316-1620. \n \n  \nO pensamento de m\u00e1quinas em Ada Lovelace\", \"embedding\": [0.009939074516296387, 0.025341976433992386, -0.027393227443099022, -0.08491351455450058, 0.009313060902059078, 0.006799014750868082, 0.02512974478304386, 0.00884439330548048, -0.0720619261264801, 0.02763361670076847, -0.04237125441431999, 0.014763813465833664, 0.07940267026424408, -0.024924306198954582, 0.04946138709783554, -0.004591437056660652, 0....", "commandName": "insert", "databaseName": "artigo_db", "requestId": 719885386, "operationId": 719885386, "driverConnectionId": 1, "serverConnectionId": 29, "serverHost": "localhost", "serverPort": 27017}
2024-12-21 20:39:16,057 - pymongo.command - DEBUG - {"clientId": {"$oid": "676751a37f75b4495e3b81e1"}, "message": "Command succeeded", "durationMS": 84.95400000000001, "reply": "{\"n\": 183, \"ok\": 1.0}", "commandName": "insert", "databaseName": "artigo_db", "requestId": 719885386, "operationId": 719885386, "driverConnectionId": 1, "serverConnectionId": 29, "serverHost": "localhost", "serverPort": 27017}
2024-12-21 20:39:16,066 - pymongo.connection - DEBUG - {"clientId": {"$oid": "676751a37f75b4495e3b81e1"}, "message": "Connection checked in", "serverHost": "localhost", "serverPort": 27017, "driverConnectionId": 1}
2024-12-21 20:39:16,418 - pymongo.topology - DEBUG - {"topologyId": {"$oid": "676751a37f75b4495e3b81e1"}, "serverHost": "localhost", "serverPort": 27017, "awaited": true, "durationMS": 503.92346500120766, "failure": "\"_OperationCancelled('operation cancelled')\"", "message": "Server heartbeat failed"}
2024-12-21 20:39:40,557 - sentence_transformers.SentenceTransformer - INFO - Use pytorch device_name: cpu
2024-12-21 20:39:40,557 - sentence_transformers.SentenceTransformer - INFO - Load pretrained SentenceTransformer: nomic-ai/nomic-embed-text-v1
2024-12-21 20:39:40,561 - urllib3.connectionpool - DEBUG - Starting new HTTPS connection (1): huggingface.co:443
2024-12-21 20:39:40,881 - urllib3.connectionpool - DEBUG - https://huggingface.co:443 "HEAD /nomic-ai/nomic-embed-text-v1/resolve/main/modules.json HTTP/11" 200 0
2024-12-21 20:39:41,066 - urllib3.connectionpool - DEBUG - https://huggingface.co:443 "HEAD /nomic-ai/nomic-embed-text-v1/resolve/main/config_sentence_transformers.json HTTP/11" 200 0
2024-12-21 20:39:41,224 - urllib3.connectionpool - DEBUG - https://huggingface.co:443 "HEAD /nomic-ai/nomic-embed-text-v1/resolve/main/README.md HTTP/11" 200 0
2024-12-21 20:39:41,592 - urllib3.connectionpool - DEBUG - https://huggingface.co:443 "HEAD /nomic-ai/nomic-embed-text-v1/resolve/main/modules.json HTTP/11" 200 0
2024-12-21 20:39:41,737 - urllib3.connectionpool - DEBUG - https://huggingface.co:443 "HEAD /nomic-ai/nomic-embed-text-v1/resolve/main/sentence_bert_config.json HTTP/11" 200 0
2024-12-21 20:39:41,881 - urllib3.connectionpool - DEBUG - https://huggingface.co:443 "HEAD /nomic-ai/nomic-embed-text-v1/resolve/main/adapter_config.json HTTP/11" 404 0
2024-12-21 20:39:42,023 - urllib3.connectionpool - DEBUG - https://huggingface.co:443 "HEAD /nomic-ai/nomic-embed-text-v1/resolve/main/config.json HTTP/11" 200 0
2024-12-21 20:39:42,162 - urllib3.connectionpool - DEBUG - https://huggingface.co:443 "HEAD /nomic-ai/nomic-bert-2048/resolve/main/configuration_hf_nomic_bert.py HTTP/11" 200 0
2024-12-21 20:39:42,305 - urllib3.connectionpool - DEBUG - https://huggingface.co:443 "HEAD /nomic-ai/nomic-embed-text-v1/resolve/main/config.json HTTP/11" 200 0
2024-12-21 20:39:42,546 - urllib3.connectionpool - DEBUG - https://huggingface.co:443 "HEAD /nomic-ai/nomic-bert-2048/resolve/main/modeling_hf_nomic_bert.py HTTP/11" 200 0
2024-12-21 20:39:44,007 - urllib3.connectionpool - DEBUG - https://huggingface.co:443 "HEAD /nomic-ai/nomic-embed-text-v1/resolve/main/pytorch_model.bin HTTP/11" 302 0
2024-12-21 20:39:45,504 - transformers_modules.nomic-ai.nomic-bert-2048.40b98394640e630d5276807046089b233113aa87.modeling_hf_nomic_bert - WARNING - <All keys matched successfully>
2024-12-21 20:39:45,683 - urllib3.connectionpool - DEBUG - https://huggingface.co:443 "HEAD /nomic-ai/nomic-embed-text-v1/resolve/main/tokenizer_config.json HTTP/11" 200 0
2024-12-21 20:39:45,895 - urllib3.connectionpool - DEBUG - https://huggingface.co:443 "GET /api/models/nomic-ai/nomic-embed-text-v1/revision/main HTTP/11" 200 147346
2024-12-21 20:39:46,173 - urllib3.connectionpool - DEBUG - https://huggingface.co:443 "GET /api/models/nomic-ai/nomic-embed-text-v1 HTTP/11" 200 147346
2024-12-21 20:40:55,042 - app - INFO - Tentando conectar ao MongoDB...
2024-12-21 20:40:55,066 - pymongo.topology - DEBUG - {"topologyId": {"$oid": "67675207cadc2175d3fdf472"}, "message": "Starting topology monitoring"}
2024-12-21 20:40:55,067 - pymongo.topology - DEBUG - {"topologyId": {"$oid": "67675207cadc2175d3fdf472"}, "previousDescription": "<TopologyDescription id: 67675207cadc2175d3fdf472, topology_type: Unknown, servers: []>", "newDescription": "<TopologyDescription id: 67675207cadc2175d3fdf472, topology_type: Unknown, servers: [<ServerDescription ('localhost', 27017) server_type: Unknown, rtt: None>]>", "message": "Topology description changed"}
2024-12-21 20:40:55,069 - pymongo.topology - DEBUG - {"topologyId": {"$oid": "67675207cadc2175d3fdf472"}, "serverHost": "localhost", "serverPort": 27017, "message": "Starting server monitoring"}
2024-12-21 20:40:55,072 - pymongo.connection - DEBUG - {"clientId": {"$oid": "67675207cadc2175d3fdf472"}, "message": "Connection pool created", "serverHost": "localhost", "serverPort": 27017}
2024-12-21 20:40:55,075 - app - INFO - Conexão com MongoDB bem-sucedida!
2024-12-21 20:40:55,076 - pymongo.topology - DEBUG - {"topologyId": {"$oid": "67675207cadc2175d3fdf472"}, "driverConnectionId": 1, "serverHost": "localhost", "serverPort": 27017, "awaited": false, "message": "Server heartbeat started"}
2024-12-21 20:40:55,077 - pymongo.serverSelection - DEBUG - {"message": "Server selection started", "selector": "Primary()", "operation": "ping", "topologyDescription": "<TopologyDescription id: 67675207cadc2175d3fdf472, topology_type: Unknown, servers: [<ServerDescription ('localhost', 27017) server_type: Unknown, rtt: None>]>", "clientId": {"$oid": "67675207cadc2175d3fdf472"}}
2024-12-21 20:40:55,081 - pymongo.serverSelection - DEBUG - {"message": "Waiting for suitable server to become available", "selector": "Primary()", "operation": "ping", "topologyDescription": "<TopologyDescription id: 67675207cadc2175d3fdf472, topology_type: Unknown, servers: [<ServerDescription ('localhost', 27017) server_type: Unknown, rtt: None>]>", "clientId": {"$oid": "67675207cadc2175d3fdf472"}, "remainingTimeMS": 9}
2024-12-21 20:40:55,082 - pymongo.topology - DEBUG - {"topologyId": {"$oid": "67675207cadc2175d3fdf472"}, "driverConnectionId": 1, "serverConnectionId": 30, "serverHost": "localhost", "serverPort": 27017, "awaited": false, "durationMS": 2.5177280003845226, "reply": "{\"helloOk\": true, \"ismaster\": true, \"topologyVersion\": {\"processId\": {\"$oid\": \"676736d0e01451cf69ab2537\"}}, \"maxBsonObjectSize\": 16777216, \"maxMessageSizeBytes\": 48000000, \"maxWriteBatchSize\": 100000, \"localTime\": {\"$date\": \"2024-12-21T23:40:55.080Z\"}, \"logicalSessionTimeoutMinutes\": 30, \"connectionId\": 30, \"maxWireVersion\": 17, \"ok\": 1.0}", "message": "Server heartbeat succeeded"}
2024-12-21 20:40:55,083 - pymongo.connection - DEBUG - {"clientId": {"$oid": "67675207cadc2175d3fdf472"}, "message": "Connection pool ready", "serverHost": "localhost", "serverPort": 27017}
2024-12-21 20:40:55,084 - pymongo.topology - DEBUG - {"topologyId": {"$oid": "67675207cadc2175d3fdf472"}, "previousDescription": "<TopologyDescription id: 67675207cadc2175d3fdf472, topology_type: Unknown, servers: [<ServerDescription ('localhost', 27017) server_type: Unknown, rtt: None>]>", "newDescription": "<TopologyDescription id: 67675207cadc2175d3fdf472, topology_type: Single, servers: [<ServerDescription ('localhost', 27017) server_type: Standalone, rtt: 0.0025177280003845226>]>", "message": "Topology description changed"}
2024-12-21 20:40:55,086 - pymongo.serverSelection - DEBUG - {"message": "Server selection succeeded", "selector": "Primary()", "operation": "ping", "topologyDescription": "<TopologyDescription id: 67675207cadc2175d3fdf472, topology_type: Single, servers: [<ServerDescription ('localhost', 27017) server_type: Standalone, rtt: 0.0025177280003845226>]>", "clientId": {"$oid": "67675207cadc2175d3fdf472"}, "serverHost": "localhost", "serverPort": 27017}
2024-12-21 20:40:55,087 - pymongo.topology - DEBUG - {"topologyId": {"$oid": "67675207cadc2175d3fdf472"}, "driverConnectionId": 1, "serverConnectionId": 30, "serverHost": "localhost", "serverPort": 27017, "awaited": true, "message": "Server heartbeat started"}
2024-12-21 20:40:55,088 - pymongo.connection - DEBUG - {"clientId": {"$oid": "67675207cadc2175d3fdf472"}, "message": "Connection checkout started", "serverHost": "localhost", "serverPort": 27017}
2024-12-21 20:40:55,103 - pymongo.connection - DEBUG - {"clientId": {"$oid": "67675207cadc2175d3fdf472"}, "message": "Connection created", "serverHost": "localhost", "serverPort": 27017, "driverConnectionId": 1}
2024-12-21 20:40:55,136 - pymongo.connection - DEBUG - {"clientId": {"$oid": "67675207cadc2175d3fdf472"}, "message": "Connection ready", "serverHost": "localhost", "serverPort": 27017, "driverConnectionId": 1, "durationMS": 0.027029262999349157}
2024-12-21 20:40:55,145 - pymongo.connection - DEBUG - {"clientId": {"$oid": "67675207cadc2175d3fdf472"}, "message": "Connection checked out", "serverHost": "localhost", "serverPort": 27017, "driverConnectionId": 1, "durationMS": 0.050294574999497854}
2024-12-21 20:40:55,151 - pymongo.command - DEBUG - {"clientId": {"$oid": "67675207cadc2175d3fdf472"}, "message": "Command started", "command": "{\"ping\": 1, \"lsid\": {\"id\": {\"$binary\": {\"base64\": \"vMquDco8Tqik+CvDLpsw0A==\", \"subType\": \"04\"}}}, \"maxTimeMS\": 9926, \"$db\": \"admin\"}", "commandName": "ping", "databaseName": "admin", "requestId": 424238335, "operationId": 424238335, "driverConnectionId": 1, "serverConnectionId": 32, "serverHost": "localhost", "serverPort": 27017}
2024-12-21 20:40:55,156 - pymongo.command - DEBUG - {"clientId": {"$oid": "67675207cadc2175d3fdf472"}, "message": "Command succeeded", "durationMS": 4.611, "reply": "{\"ok\": 1.0}", "commandName": "ping", "databaseName": "admin", "requestId": 424238335, "operationId": 424238335, "driverConnectionId": 1, "serverConnectionId": 32, "serverHost": "localhost", "serverPort": 27017}
2024-12-21 20:40:55,157 - pymongo.connection - DEBUG - {"clientId": {"$oid": "67675207cadc2175d3fdf472"}, "message": "Connection checked in", "serverHost": "localhost", "serverPort": 27017, "driverConnectionId": 1}
2024-12-21 20:40:55,161 - pymongo.serverSelection - DEBUG - {"message": "Server selection started", "selector": "<function writable_server_selector at 0x7fcfc40fe710>", "operation": "insert", "operationId": 915805203, "topologyDescription": "<TopologyDescription id: 67675207cadc2175d3fdf472, topology_type: Single, servers: [<ServerDescription ('localhost', 27017) server_type: Standalone, rtt: 0.0025177280003845226>]>", "clientId": {"$oid": "67675207cadc2175d3fdf472"}}
2024-12-21 20:40:55,162 - pymongo.serverSelection - DEBUG - {"message": "Server selection succeeded", "selector": "<function writable_server_selector at 0x7fcfc40fe710>", "operation": "insert", "operationId": 915805203, "topologyDescription": "<TopologyDescription id: 67675207cadc2175d3fdf472, topology_type: Single, servers: [<ServerDescription ('localhost', 27017) server_type: Standalone, rtt: 0.0025177280003845226>]>", "clientId": {"$oid": "67675207cadc2175d3fdf472"}, "serverHost": "localhost", "serverPort": 27017}
2024-12-21 20:40:55,163 - pymongo.connection - DEBUG - {"clientId": {"$oid": "67675207cadc2175d3fdf472"}, "message": "Connection checkout started", "serverHost": "localhost", "serverPort": 27017}
2024-12-21 20:40:55,164 - pymongo.connection - DEBUG - {"clientId": {"$oid": "67675207cadc2175d3fdf472"}, "message": "Connection checked out", "serverHost": "localhost", "serverPort": 27017, "driverConnectionId": 1, "durationMS": 0.0013242449986137217}
2024-12-21 20:40:55,179 - pymongo.command - DEBUG - {"clientId": {"$oid": "67675207cadc2175d3fdf472"}, "message": "Command started", "command": "{\"insert\": \"base_conhecimento\", \"ordered\": true, \"lsid\": {\"id\": {\"$binary\": {\"base64\": \"vMquDco8Tqik+CvDLpsw0A==\", \"subType\": \"04\"}}}, \"maxTimeMS\": 9992, \"$db\": \"artigo_db\", \"documents\": [{\"text\": \"Simbi\u00f3tica. Revista Eletr\u00f4nica                                                                                          Vit\u00f3ria, Brasil - ISSN 2316-1620 \nEsta obra est\u00e1 licenciada sob uma licen\u00e7a Creative Commons \u2013 Atribui\u00e7\u00e3o N\u00e3o Comercial 4.0 Internacional. \nSimbi\u00f3tica. Revista Eletr\u00f4nica, Vit\u00f3ria. ISSN: 2316-1620. \n \n  \nO pensamento de m\u00e1quinas em Ada Lovelace\", \"embedding\": [0.009939074516296387, 0.025341976433992386, -0.027393227443099022, -0.08491351455450058, 0.009313060902059078, 0.006799014750868082, 0.02512974478304386, 0.00884439330548048, -0.0720619261264801, 0.02763361670076847, -0.04237125441431999, 0.014763813465833664, 0.07940267026424408, -0.024924306198954582, 0.04946138709783554, -0.004591437056660652, 0....", "commandName": "insert", "databaseName": "artigo_db", "requestId": 719885386, "operationId": 719885386, "driverConnectionId": 1, "serverConnectionId": 32, "serverHost": "localhost", "serverPort": 27017}
2024-12-21 20:40:55,217 - pymongo.command - DEBUG - {"clientId": {"$oid": "67675207cadc2175d3fdf472"}, "message": "Command succeeded", "durationMS": 51.928000000000004, "reply": "{\"n\": 183, \"ok\": 1.0}", "commandName": "insert", "databaseName": "artigo_db", "requestId": 719885386, "operationId": 719885386, "driverConnectionId": 1, "serverConnectionId": 32, "serverHost": "localhost", "serverPort": 27017}
2024-12-21 20:40:55,219 - pymongo.connection - DEBUG - {"clientId": {"$oid": "67675207cadc2175d3fdf472"}, "message": "Connection checked in", "serverHost": "localhost", "serverPort": 27017, "driverConnectionId": 1}
2024-12-21 20:40:55,602 - pymongo.topology - DEBUG - {"topologyId": {"$oid": "67675207cadc2175d3fdf472"}, "serverHost": "localhost", "serverPort": 27017, "awaited": true, "durationMS": 515.1778979998198, "failure": "\"_OperationCancelled('operation cancelled')\"", "message": "Server heartbeat failed"}
